// Jest Snapshot v1, https://goo.gl/fbAQLP

exports[`Navigation should match the snapshot 1`] = `
<aside
  className="sc-bdVaJa kGmgWq"
/>
`;
